﻿
Running 2 tests using 2 workers

[1A[2K[1/2] [chromium] ÔÇ║ tests\stability.spec.ts:60:3 ÔÇ║ EduFlow Core UI Stability ÔÇ║ Persist├¬ncia de Estado: Planner sobrevive ao reload preservando estado visual
[1A[2K[2/2] [chromium] ÔÇ║ tests\stability.spec.ts:35:3 ÔÇ║ EduFlow Core UI Stability ÔÇ║ Interatividade em Cadeia: Planner abre, estabiliza e fecha sem sumir da DOM
[1A[2K  1) [chromium] ÔÇ║ tests\stability.spec.ts:35:3 ÔÇ║ EduFlow Core UI Stability ÔÇ║ Interatividade em Cadeia: Planner abre, estabiliza e fecha sem sumir da DOM 

    Error: page.goto: net::ERR_CONNECTION_REFUSED at http://localhost:3000/dashboard
    Call log:
    [2m  - navigating to "http://localhost:3000/dashboard", waiting until "load"[22m


      19 |   
      20 |   // Porta do dashboard do EduFlow
    > 21 |   await page.goto('http://localhost:3000/dashboard');
         |              ^
      22 |   
      23 |   // Debug: Verifica o que est├í sendo renderizado
      24 |   const isDashboard = await page.locator('#nav-bar').isVisible();
        at C:\Users\eduyu\Cursor\EduFlow\EduFlow-Definitivo\tests\stability.spec.ts:21:14

    Error Context: test-results\stability-EduFlow-Core-UI--2163a-za-e-fecha-sem-sumir-da-DOM-chromium\error-context.md


[1A[2K  2) [chromium] ÔÇ║ tests\stability.spec.ts:60:3 ÔÇ║ EduFlow Core UI Stability ÔÇ║ Persist├¬ncia de Estado: Planner sobrevive ao reload preservando estado visual 

    Error: page.goto: net::ERR_CONNECTION_REFUSED at http://localhost:3000/dashboard
    Call log:
    [2m  - navigating to "http://localhost:3000/dashboard", waiting until "load"[22m


      19 |   
      20 |   // Porta do dashboard do EduFlow
    > 21 |   await page.goto('http://localhost:3000/dashboard');
         |              ^
      22 |   
      23 |   // Debug: Verifica o que est├í sendo renderizado
      24 |   const isDashboard = await page.locator('#nav-bar').isVisible();
        at C:\Users\eduyu\Cursor\EduFlow\EduFlow-Definitivo\tests\stability.spec.ts:21:14

    Error Context: test-results\stability-EduFlow-Core-UI--09bb8-d-preservando-estado-visual-chromium\error-context.md


[1A[2K  2 failed
    [chromium] ÔÇ║ tests\stability.spec.ts:35:3 ÔÇ║ EduFlow Core UI Stability ÔÇ║ Interatividade em Cadeia: Planner abre, estabiliza e fecha sem sumir da DOM 
    [chromium] ÔÇ║ tests\stability.spec.ts:60:3 ÔÇ║ EduFlow Core UI Stability ÔÇ║ Persist├¬ncia de Estado: Planner sobrevive ao reload preservando estado visual 

[36m  Serving HTML report at http://localhost:9323. Press Ctrl+C to quit.[39m
